// Jest Snapshot v1, https://goo.gl/fbAQLP

exports[`<App /> should render and match the snapshot 1`] = `
<React.Fragment>
  <Switch>
    <Route
      component={[Function]}
      exact={true}
      path="/"
    />
    <Route
      component={[Function]}
      exact={true}
      path="/forgot-username"
    />
    <Route
      component={[Function]}
      exact={true}
      path="/forgot-password"
    />
    <Route
      component={[Function]}
    />
  </Switch>
</React.Fragment>
`;
